[rppatelrutvik.wixstudio.io/rplresizer.html]
[static.parastorage.com/unpkg/core-js-bundle@3.2.1/minified.js]
[static.parastorage.com/unpkg/focus-within-polyfill@5.0.9/dist/focus-within-polyfill.js]
[backblue.gif]
[fade.gif]
[index.html]
[polyfill-fastly.io/v3/polyfill.mind82c.js]
[rppatelrutvik.wixstudio.io/c.4.delayed]
[rppatelrutvik.wixstudio.io/t.5.delayed]
[static.parastorage.com/services/form-app/1.1304.0/client-viewer/form-app-text-area.chunk.min.js]
[rppatelrutvik.wixstudio.io/index.html]
[rppatelrutvik.wixstudio.io/rplresizer/about.html]
[static.wixstatic.com/media/c837a6_dfc3490ba87d4c489795ab877aebd05d_mv2.png/v1/fill/w_49,h_49,al_c,q_85,usm_0.66_1.00_0.01,blur_2,enc_auto/gradient.png]
[rppatelrutvik.wixstudio.io/rplresizer/services.html]
[static.wixstatic.com/media/11062b_e6a34f65939746faa7e45b115c18313d_mv2.jpeg/v1/fill/w_147,h_98,al_c,q_80,usm_0.66_1.00_0.01,blur_2,enc_auto/Child Model.jpg]
[static.wixstatic.com/media/11062b_1d4878b2b99c40f4bdc1a85a9aef862b_mv2.jpg/v1/crop/x_2140,y_185,w_3470,h_3470/fill/w_98,h_98,al_c,q_80,usm_0.66_1.00_0.01,blur_2,enc_auto/Denim Fashion.jpg]
[static.wixstatic.com/media/11062b_af3d9035b70546b2864b6def3a7c15dd_mv2.jpg/v1/crop/x_895,y_0,w_2223,h_2223/fill/w_118,h_118,al_c,q_80,usm_0.66_1.00_0.01,blur_2,enc_auto/Studio Portrait  .jpg]
[static.wixstatic.com/media/11062b_0de510dfa99842afa127c5f1f597718f_mv2.jpeg/v1/fill/w_147,h_98,al_c,q_80,usm_0.66_1.00_0.01,blur_2,enc_auto/Mother and Child.jpg]
[static.wixstatic.com/media/f41f356e8a08457dadc44c3074511cef.jpg/v1/fill/w_147,h_98,al_c,q_80,usm_0.66_1.00_0.01,blur_2,enc_auto/Dog's Portrait.jpg]
[static.wixstatic.com/media/3ac1e0_317b75f623484d159546039c4d6617ec_mv2.png/v1/fill/w_80,h_48,al_c,q_85,usm_0.66_1.00_0.01,blur_2,enc_auto/image-resizer-01.png]
[static.wixstatic.com/media/3ac1e0_a32351d1de9f42679abb5141202a254b_mv2.png/v1/fill/w_80,h_48,al_c,q_85,usm_0.66_1.00_0.01,blur_2,enc_auto/image-resizer-02.png]
[browser.sentry-cdn.com/6.18.2/bundle.min.js]
[rppatelrutvik.wixstudio.io/sitemap.12.delayed]
[rppatelrutvik.wixstudio.io/feed.13.delayed]
[rppatelrutvik.wixstudio.io/${i.14.delayed]
[static.parastorage.com/services/wix-thunderbolt/dist/thunderbolt-commons.e7839053.bundle.min.js]
[static.parastorage.com/services/wix-thunderbolt/dist/main.760485a2.bundle.min.js]
[static.parastorage.com/services/wix-thunderbolt/dist/main.renderer.1d21f023.bundle.min.js]
[static.parastorage.com/unpkg/lodash@4.17.21/lodash.min.js]
[static.parastorage.com/unpkg/react@18.3.1/umd/react.production.min.js]
[static.parastorage.com/unpkg/react-dom@18.3.1/umd/react-dom.production.min.js]
[rppatelrutvik.wixstudio.io/decodeURIComponent(e.1b.delayed]
[static.parastorage.com/services/tag-manager-client/1.875.0/siteTags.bundle.min.js]
[rppatelrutvik.wixstudio.io/rplresizer.html]
[rppatelrutvik.wixstudio.io/c.html]
[rppatelrutvik.wixstudio.io/t.html]
[rppatelrutvik.wixstudio.io/index.html]
[rppatelrutvik.wixstudio.io/rplresizer/c.1d.delayed]
[rppatelrutvik.wixstudio.io/rplresizer/t.1e.delayed]
[static.wixstatic.com/media/11062b_3c5532b99d6c44ec865467e7ce3f2d1a_mv2.jpg/v1/fill/w_147,h_98,al_c,q_80,usm_0.66_1.00_0.01,blur_2,enc_auto/Family Breakfast.jpg]
[static.wixstatic.com/media/11062b_1a89f96204194c3da0dba653b2cab28d_mv2.jpg/v1/fill/w_147,h_98,al_c,q_80,usm_0.66_1.00_0.01,blur_2,enc_auto/Woman with Crossed Arms.jpg]
[static.wixstatic.com/media/11062b_457ba8cffc0a458e87e2e8afe70746c3_mv2.jpg/v1/crop/x_1661,y_230,w_2212,h_2856/fill/w_78,h_101,al_c,q_80,usm_0.66_1.00_0.01,blur_2,enc_auto/Young Businessman.jpg]
[static.wixstatic.com/media/11062b_6cf3b85cb8844f139c22017ccbdf6972_mv2.jpg/v1/crop/x_1958,y_0,w_2686,h_3469/fill/w_76,h_98,al_c,q_80,usm_0.66_1.00_0.01,blur_2,enc_auto/Mature Businesswoman.jpg]
[static.wixstatic.com/media/11062b_5ff14a3624084658a0b1cc3d5bc06373_mv2.jpg/v1/fill/w_147,h_98,al_c,q_80,usm_0.66_1.00_0.01,blur_2,enc_auto/Business Smile.jpg]
[rppatelrutvik.wixstudio.io/rplresizer/robots.24.delayed]
[rppatelrutvik.wixstudio.io/rplresizer/sitemap.xml]
[rppatelrutvik.wixstudio.io/rplresizer/feed.26.delayed]
[rppatelrutvik.wixstudio.io/rplresizer/${i.27.delayed]
[rppatelrutvik.wixstudio.io/rplresizer/decodeURIComponent(e.28.delayed]
[rppatelrutvik.wixstudio.io/rplresizer/about.html]
[rppatelrutvik.wixstudio.io/rplresizer/services.html]
[rppatelrutvik.wixstudio.io/sitemap.html]
[rppatelrutvik.wixstudio.io/feed.html]
[rppatelrutvik.wixstudio.io/${i.html]
[rppatelrutvik.wixstudio.io/decodeURIComponent(e.html]
[rppatelrutvik.wixstudio.io/rplresizer/c.html]
[rppatelrutvik.wixstudio.io/rplresizer/t.html]
[rppatelrutvik.wixstudio.io/rplresizer/robots.html]
[rppatelrutvik.wixstudio.io/rplresizer/feed.html]
[rppatelrutvik.wixstudio.io/rplresizer/${i.html]
[rppatelrutvik.wixstudio.io/rplresizer/decodeURIComponent(e.html]
